Archive member included to satisfy reference by file (symbol)

d:/gcc-arm-none-eabi/bin/../lib/gcc/arm-none-eabi/9.3.1/../../../../arm-none-eabi/lib/thumb/v7-m/nofp\libg.a(lib_a-errno.o)
                              CMakeFiles/STM32F1.elf.dir/Core/Src/syscalls.c.obj (__errno)
d:/gcc-arm-none-eabi/bin/../lib/gcc/arm-none-eabi/9.3.1/../../../../arm-none-eabi/lib/thumb/v7-m/nofp\libg.a(lib_a-exit.o)
                              d:/gcc-arm-none-eabi/bin/../lib/gcc/arm-none-eabi/9.3.1/../../../../arm-none-eabi/lib/thumb/v7-m/nofp/crt0.o (exit)
d:/gcc-arm-none-eabi/bin/../lib/gcc/arm-none-eabi/9.3.1/../../../../arm-none-eabi/lib/thumb/v7-m/nofp\libg.a(lib_a-impure.o)
                              d:/gcc-arm-none-eabi/bin/../lib/gcc/arm-none-eabi/9.3.1/../../../../arm-none-eabi/lib/thumb/v7-m/nofp\libg.a(lib_a-exit.o) (_global_impure_ptr)
d:/gcc-arm-none-eabi/bin/../lib/gcc/arm-none-eabi/9.3.1/../../../../arm-none-eabi/lib/thumb/v7-m/nofp\libg.a(lib_a-init.o)
                              d:/gcc-arm-none-eabi/bin/../lib/gcc/arm-none-eabi/9.3.1/../../../../arm-none-eabi/lib/thumb/v7-m/nofp/crt0.o (__libc_init_array)
d:/gcc-arm-none-eabi/bin/../lib/gcc/arm-none-eabi/9.3.1/../../../../arm-none-eabi/lib/thumb/v7-m/nofp\libg.a(lib_a-memset.o)
                              d:/gcc-arm-none-eabi/bin/../lib/gcc/arm-none-eabi/9.3.1/../../../../arm-none-eabi/lib/thumb/v7-m/nofp/crt0.o (memset)
d:/gcc-arm-none-eabi/bin/../lib/gcc/arm-none-eabi/9.3.1/../../../../arm-none-eabi/lib/thumb/v7-m/nofp\libg.a(lib_a-__call_atexit.o)
                              d:/gcc-arm-none-eabi/bin/../lib/gcc/arm-none-eabi/9.3.1/../../../../arm-none-eabi/lib/thumb/v7-m/nofp\libg.a(lib_a-exit.o) (__call_exitprocs)
d:/gcc-arm-none-eabi/bin/../lib/gcc/arm-none-eabi/9.3.1/../../../../arm-none-eabi/lib/thumb/v7-m/nofp\libg.a(lib_a-atexit.o)
                              d:/gcc-arm-none-eabi/bin/../lib/gcc/arm-none-eabi/9.3.1/../../../../arm-none-eabi/lib/thumb/v7-m/nofp\libg.a(lib_a-__call_atexit.o) (atexit)
d:/gcc-arm-none-eabi/bin/../lib/gcc/arm-none-eabi/9.3.1/../../../../arm-none-eabi/lib/thumb/v7-m/nofp\libg.a(lib_a-fini.o)
                              d:/gcc-arm-none-eabi/bin/../lib/gcc/arm-none-eabi/9.3.1/../../../../arm-none-eabi/lib/thumb/v7-m/nofp\libg.a(lib_a-__call_atexit.o) (__libc_fini_array)
d:/gcc-arm-none-eabi/bin/../lib/gcc/arm-none-eabi/9.3.1/../../../../arm-none-eabi/lib/thumb/v7-m/nofp\libg.a(lib_a-lock.o)
                              d:/gcc-arm-none-eabi/bin/../lib/gcc/arm-none-eabi/9.3.1/../../../../arm-none-eabi/lib/thumb/v7-m/nofp\libg.a(lib_a-__call_atexit.o) (__retarget_lock_acquire_recursive)
d:/gcc-arm-none-eabi/bin/../lib/gcc/arm-none-eabi/9.3.1/../../../../arm-none-eabi/lib/thumb/v7-m/nofp\libg.a(lib_a-__atexit.o)
                              d:/gcc-arm-none-eabi/bin/../lib/gcc/arm-none-eabi/9.3.1/../../../../arm-none-eabi/lib/thumb/v7-m/nofp\libg.a(lib_a-atexit.o) (__register_exitproc)

Allocating common symbols
Common symbol       size              file

__lock___atexit_recursive_mutex
                    0x1               d:/gcc-arm-none-eabi/bin/../lib/gcc/arm-none-eabi/9.3.1/../../../../arm-none-eabi/lib/thumb/v7-m/nofp\libg.a(lib_a-lock.o)
__lock___arc4random_mutex
                    0x1               d:/gcc-arm-none-eabi/bin/../lib/gcc/arm-none-eabi/9.3.1/../../../../arm-none-eabi/lib/thumb/v7-m/nofp\libg.a(lib_a-lock.o)
__lock___env_recursive_mutex
                    0x1               d:/gcc-arm-none-eabi/bin/../lib/gcc/arm-none-eabi/9.3.1/../../../../arm-none-eabi/lib/thumb/v7-m/nofp\libg.a(lib_a-lock.o)
__lock___sinit_recursive_mutex
                    0x1               d:/gcc-arm-none-eabi/bin/../lib/gcc/arm-none-eabi/9.3.1/../../../../arm-none-eabi/lib/thumb/v7-m/nofp\libg.a(lib_a-lock.o)
__lock___malloc_recursive_mutex
                    0x1               d:/gcc-arm-none-eabi/bin/../lib/gcc/arm-none-eabi/9.3.1/../../../../arm-none-eabi/lib/thumb/v7-m/nofp\libg.a(lib_a-lock.o)
__lock___at_quick_exit_mutex
                    0x1               d:/gcc-arm-none-eabi/bin/../lib/gcc/arm-none-eabi/9.3.1/../../../../arm-none-eabi/lib/thumb/v7-m/nofp\libg.a(lib_a-lock.o)
__lock___dd_hash_mutex
                    0x1               d:/gcc-arm-none-eabi/bin/../lib/gcc/arm-none-eabi/9.3.1/../../../../arm-none-eabi/lib/thumb/v7-m/nofp\libg.a(lib_a-lock.o)
__lock___tz_mutex   0x1               d:/gcc-arm-none-eabi/bin/../lib/gcc/arm-none-eabi/9.3.1/../../../../arm-none-eabi/lib/thumb/v7-m/nofp\libg.a(lib_a-lock.o)
__lock___sfp_recursive_mutex
                    0x1               d:/gcc-arm-none-eabi/bin/../lib/gcc/arm-none-eabi/9.3.1/../../../../arm-none-eabi/lib/thumb/v7-m/nofp\libg.a(lib_a-lock.o)

Discarded input sections

 .text          0x00000000        0x0 d:/gcc-arm-none-eabi/bin/../lib/gcc/arm-none-eabi/9.3.1/thumb/v7-m/nofp/crti.o
 .data          0x00000000        0x0 d:/gcc-arm-none-eabi/bin/../lib/gcc/arm-none-eabi/9.3.1/thumb/v7-m/nofp/crti.o
[...]
Memory Configuration

Name             Origin             Length             Attributes
RAM              0x20000000         0x00010000         xrw
FLASH            0x08000000         0x00080000         xr
*default*        0x00000000         0xffffffff

Linker script and memory map

LOAD d:/gcc-arm-none-eabi/bin/../lib/gcc/arm-none-eabi/9.3.1/thumb/v7-m/nofp/crti.o
LOAD d:/gcc-arm-none-eabi/bin/../lib/gcc/arm-none-eabi/9.3.1/thumb/v7-m/nofp/crtbegin.o
LOAD d:/gcc-arm-none-eabi/bin/../lib/gcc/arm-none-eabi/9.3.1/../../../../arm-none-eabi/lib/thumb/v7-m/nofp/crt0.o
LOAD CMakeFiles/STM32F1.elf.dir/Core/Src/gpio.c.obj
LOAD CMakeFiles/STM32F1.elf.dir/Core/Src/main.c.obj
LOAD CMakeFiles/STM32F1.elf.dir/Core/Src/stm32f1xx_hal_msp.c.obj
LOAD CMakeFiles/STM32F1.elf.dir/Core/Src/stm32f1xx_hal_timebase_tim.c.obj
LOAD CMakeFiles/STM32F1.elf.dir/Core/Src/stm32f1xx_it.c.obj
LOAD CMakeFiles/STM32F1.elf.dir/Core/Src/syscalls.c.obj
LOAD CMakeFiles/STM32F1.elf.dir/Core/Src/system_stm32f1xx.c.obj
LOAD CMakeFiles/STM32F1.elf.dir/Drivers/STM32F1xx_HAL_Driver/Src/stm32f1xx_hal.c.obj
LOAD CMakeFiles/STM32F1.elf.dir/Drivers/STM32F1xx_HAL_Driver/Src/stm32f1xx_hal_cortex.c.obj
LOAD CMakeFiles/STM32F1.elf.dir/Drivers/STM32F1xx_HAL_Driver/Src/stm32f1xx_hal_dma.c.obj
LOAD CMakeFiles/STM32F1.elf.dir/Drivers/STM32F1xx_HAL_Driver/Src/stm32f1xx_hal_exti.c.obj
LOAD CMakeFiles/STM32F1.elf.dir/Drivers/STM32F1xx_HAL_Driver/Src/stm32f1xx_hal_flash.c.obj
LOAD CMakeFiles/STM32F1.elf.dir/Drivers/STM32F1xx_HAL_Driver/Src/stm32f1xx_hal_flash_ex.c.obj
LOAD CMakeFiles/STM32F1.elf.dir/Drivers/STM32F1xx_HAL_Driver/Src/stm32f1xx_hal_gpio.c.obj
LOAD CMakeFiles/STM32F1.elf.dir/Drivers/STM32F1xx_HAL_Driver/Src/stm32f1xx_hal_gpio_ex.c.obj
LOAD CMakeFiles/STM32F1.elf.dir/Drivers/STM32F1xx_HAL_Driver/Src/stm32f1xx_hal_pwr.c.obj
LOAD CMakeFiles/STM32F1.elf.dir/Drivers/STM32F1xx_HAL_Driver/Src/stm32f1xx_hal_rcc.c.obj
LOAD CMakeFiles/STM32F1.elf.dir/Drivers/STM32F1xx_HAL_Driver/Src/stm32f1xx_hal_rcc_ex.c.obj
LOAD CMakeFiles/STM32F1.elf.dir/Drivers/STM32F1xx_HAL_Driver/Src/stm32f1xx_hal_tim.c.obj
LOAD CMakeFiles/STM32F1.elf.dir/Drivers/STM32F1xx_HAL_Driver/Src/stm32f1xx_hal_tim_ex.c.obj
LOAD CMakeFiles/STM32F1.elf.dir/Hardware/Key.c.obj
LOAD CMakeFiles/STM32F1.elf.dir/Hardware/Led.c.obj
LOAD CMakeFiles/STM32F1.elf.dir/startup/startup_stm32f103xe.s.obj
START GROUP
LOAD d:/gcc-arm-none-eabi/bin/../lib/gcc/arm-none-eabi/9.3.1/thumb/v7-m/nofp\libgcc.a
LOAD d:/gcc-arm-none-eabi/bin/../lib/gcc/arm-none-eabi/9.3.1/../../../../arm-none-eabi/lib/thumb/v7-m/nofp\libg.a
LOAD d:/gcc-arm-none-eabi/bin/../lib/gcc/arm-none-eabi/9.3.1/../../../../arm-none-eabi/lib/thumb/v7-m/nofp\libc.a
END GROUP
LOAD d:/gcc-arm-none-eabi/bin/../lib/gcc/arm-none-eabi/9.3.1/thumb/v7-m/nofp/crtend.o
LOAD d:/gcc-arm-none-eabi/bin/../lib/gcc/arm-none-eabi/9.3.1/thumb/v7-m/nofp/crtn.o
                0x20010000                _estack = 0x20010000
                0x00000400                _Min_Heap_Size = 0x400
                0x00000800                _Min_Stack_Size = 0x800

.isr_vector     0x08000000      0x1e4
                0x08000000                . = ALIGN (0x4)
 *(.isr_vector)
 .isr_vector    0x08000000      0x1e4 CMakeFiles/STM32F1.elf.dir/startup/startup_stm32f103xe.s.obj
                0x08000000                g_pfnVectors
                0x080001e4                . = ALIGN (0x4)

.text           0x080001e4     0x1148
                0x080001e4                . = ALIGN (0x4)
 *(.text)
 .text          0x080001e4       0x40 d:/gcc-arm-none-eabi/bin/../lib/gcc/arm-none-eabi/9.3.1/thumb/v7-m/nofp/crtbegin.o
 *(.text*)
 .text.MX_GPIO_Init
                0x08000224       0x20 CMakeFiles/STM32F1.elf.dir/Core/Src/gpio.c.obj
                0x08000224                MX_GPIO_Init
 .text.SystemClock_Config
                0x08000244       0x56 CMakeFiles/STM32F1.elf.dir/Core/Src/main.c.obj
                0x08000244                SystemClock_Config
 *fill*         0x0800029a        0x2 
 .text.main     0x0800029c       0x64 CMakeFiles/STM32F1.elf.dir/Core/Src/main.c.obj
                0x0800029c                main
 .text.HAL_TIM_PeriodElapsedCallback
                0x08000300       0x18 CMakeFiles/STM32F1.elf.dir/Core/Src/main.c.obj
                0x08000300                HAL_TIM_PeriodElapsedCallback
 .text.HAL_MspInit
                0x08000318       0x44 CMakeFiles/STM32F1.elf.dir/Core/Src/stm32f1xx_hal_msp.c.obj
                0x08000318                HAL_MspInit
 .text.HAL_InitTick
                0x0800035c       0x7c CMakeFiles/STM32F1.elf.dir/Core/Src/stm32f1xx_hal_timebase_tim.c.obj
                0x0800035c                HAL_InitTick
 .text.NMI_Handler
                0x080003d8        0x8 CMakeFiles/STM32F1.elf.dir/Core/Src/stm32f1xx_it.c.obj
                0x080003d8                NMI_Handler
 .text.HardFault_Handler
                0x080003e0        0x2 CMakeFiles/STM32F1.elf.dir/Core/Src/stm32f1xx_it.c.obj
                0x080003e0                HardFault_Handler
 .text.MemManage_Handler
                0x080003e2        0x2 CMakeFiles/STM32F1.elf.dir/Core/Src/stm32f1xx_it.c.obj
                0x080003e2                MemManage_Handler
 .text.BusFault_Handler
                0x080003e4        0x2 CMakeFiles/STM32F1.elf.dir/Core/Src/stm32f1xx_it.c.obj
                0x080003e4                BusFault_Handler
 .text.UsageFault_Handler
                0x080003e6        0x2 CMakeFiles/STM32F1.elf.dir/Core/Src/stm32f1xx_it.c.obj
                0x080003e6                UsageFault_Handler
 .text.SVC_Handler
                0x080003e8        0x2 CMakeFiles/STM32F1.elf.dir/Core/Src/stm32f1xx_it.c.obj
                0x080003e8                SVC_Handler
 .text.DebugMon_Handler
                0x080003ea        0x2 CMakeFiles/STM32F1.elf.dir/Core/Src/stm32f1xx_it.c.obj
                0x080003ea                DebugMon_Handler
 .text.PendSV_Handler
                0x080003ec        0x2 CMakeFiles/STM32F1.elf.dir/Core/Src/stm32f1xx_it.c.obj
                0x080003ec                PendSV_Handler
 .text.SysTick_Handler
                0x080003ee        0x2 CMakeFiles/STM32F1.elf.dir/Core/Src/stm32f1xx_it.c.obj
                0x080003ee                SysTick_Handler
 .text.TIM4_IRQHandler
                0x080003f0       0x10 CMakeFiles/STM32F1.elf.dir/Core/Src/stm32f1xx_it.c.obj
                0x080003f0                TIM4_IRQHandler
 .text.SystemInit
                0x08000400        0x2 CMakeFiles/STM32F1.elf.dir/Core/Src/system_stm32f1xx.c.obj
                0x08000400                SystemInit
 *fill*         0x08000402        0x2 
 .text.HAL_Init
                0x08000404       0x24 CMakeFiles/STM32F1.elf.dir/Drivers/STM32F1xx_HAL_Driver/Src/stm32f1xx_hal.c.obj
                0x08000404                HAL_Init
 .text.HAL_IncTick
                0x08000428       0x18 CMakeFiles/STM32F1.elf.dir/Drivers/STM32F1xx_HAL_Driver/Src/stm32f1xx_hal.c.obj
                0x08000428                HAL_IncTick
 .text.HAL_GetTick
                0x08000440        0xc CMakeFiles/STM32F1.elf.dir/Drivers/STM32F1xx_HAL_Driver/Src/stm32f1xx_hal.c.obj
                0x08000440                HAL_GetTick
 .text.HAL_Delay
                0x0800044c       0x28 CMakeFiles/STM32F1.elf.dir/Drivers/STM32F1xx_HAL_Driver/Src/stm32f1xx_hal.c.obj
                0x0800044c                HAL_Delay
 .text.HAL_NVIC_SetPriorityGrouping
                0x08000474       0x24 CMakeFiles/STM32F1.elf.dir/Drivers/STM32F1xx_HAL_Driver/Src/stm32f1xx_hal_cortex.c.obj
                0x08000474                HAL_NVIC_SetPriorityGrouping
 .text.HAL_NVIC_SetPriority
                0x08000498       0x68 CMakeFiles/STM32F1.elf.dir/Drivers/STM32F1xx_HAL_Driver/Src/stm32f1xx_hal_cortex.c.obj
                0x08000498                HAL_NVIC_SetPriority
 .text.HAL_NVIC_EnableIRQ
                0x08000500       0x1c CMakeFiles/STM32F1.elf.dir/Drivers/STM32F1xx_HAL_Driver/Src/stm32f1xx_hal_cortex.c.obj
                0x08000500                HAL_NVIC_EnableIRQ
 .text.HAL_GPIO_Init
                0x0800051c      0x238 CMakeFiles/STM32F1.elf.dir/Drivers/STM32F1xx_HAL_Driver/Src/stm32f1xx_hal_gpio.c.obj
                0x0800051c                HAL_GPIO_Init
 .text.HAL_GPIO_ReadPin
                0x08000754        0xe CMakeFiles/STM32F1.elf.dir/Drivers/STM32F1xx_HAL_Driver/Src/stm32f1xx_hal_gpio.c.obj
                0x08000754                HAL_GPIO_ReadPin
 .text.HAL_GPIO_WritePin
                0x08000762        0xc CMakeFiles/STM32F1.elf.dir/Drivers/STM32F1xx_HAL_Driver/Src/stm32f1xx_hal_gpio.c.obj
                0x08000762                HAL_GPIO_WritePin
 *fill*         0x0800076e        0x2 
 .text.RCC_Delay
                0x08000770       0x2c CMakeFiles/STM32F1.elf.dir/Drivers/STM32F1xx_HAL_Driver/Src/stm32f1xx_hal_rcc.c.obj
 .text.HAL_RCC_OscConfig
                0x0800079c      0x410 CMakeFiles/STM32F1.elf.dir/Drivers/STM32F1xx_HAL_Driver/Src/stm32f1xx_hal_rcc.c.obj
                0x0800079c                HAL_RCC_OscConfig
 .text.HAL_RCC_EnableCSS
                0x08000bac        0xc CMakeFiles/STM32F1.elf.dir/Drivers/STM32F1xx_HAL_Driver/Src/stm32f1xx_hal_rcc.c.obj
                0x08000bac                HAL_RCC_EnableCSS
 .text.HAL_RCC_GetSysClockFreq
                0x08000bb8       0x6c CMakeFiles/STM32F1.elf.dir/Drivers/STM32F1xx_HAL_Driver/Src/stm32f1xx_hal_rcc.c.obj
                0x08000bb8                HAL_RCC_GetSysClockFreq
 .text.HAL_RCC_ClockConfig
                0x08000c24      0x16c CMakeFiles/STM32F1.elf.dir/Drivers/STM32F1xx_HAL_Driver/Src/stm32f1xx_hal_rcc.c.obj
                0x08000c24                HAL_RCC_ClockConfig
 .text.HAL_RCC_GetHCLKFreq
                0x08000d90        0xc CMakeFiles/STM32F1.elf.dir/Drivers/STM32F1xx_HAL_Driver/Src/stm32f1xx_hal_rcc.c.obj
                0x08000d90                HAL_RCC_GetHCLKFreq
 .text.HAL_RCC_GetPCLK1Freq
                0x08000d9c       0x20 CMakeFiles/STM32F1.elf.dir/Drivers/STM32F1xx_HAL_Driver/Src/stm32f1xx_hal_rcc.c.obj
                0x08000d9c                HAL_RCC_GetPCLK1Freq
 .text.HAL_RCC_GetClockConfig
                0x08000dbc       0x3c CMakeFiles/STM32F1.elf.dir/Drivers/STM32F1xx_HAL_Driver/Src/stm32f1xx_hal_rcc.c.obj
                0x08000dbc                HAL_RCC_GetClockConfig
 .text.HAL_RCC_CSSCallback
                0x08000df8        0x2 CMakeFiles/STM32F1.elf.dir/Drivers/STM32F1xx_HAL_Driver/Src/stm32f1xx_hal_rcc.c.obj
                0x08000df8                HAL_RCC_CSSCallback
 *fill*         0x08000dfa        0x2 
 .text.HAL_RCC_NMI_IRQHandler
                0x08000dfc       0x24 CMakeFiles/STM32F1.elf.dir/Drivers/STM32F1xx_HAL_Driver/Src/stm32f1xx_hal_rcc.c.obj
                0x08000dfc                HAL_RCC_NMI_IRQHandler
 .text.HAL_TIM_Base_MspInit
                0x08000e20        0x2 CMakeFiles/STM32F1.elf.dir/Drivers/STM32F1xx_HAL_Driver/Src/stm32f1xx_hal_tim.c.obj
                0x08000e20                HAL_TIM_Base_MspInit
 *fill*         0x08000e22        0x2 
 .text.HAL_TIM_Base_Start_IT
                0x08000e24       0x78 CMakeFiles/STM32F1.elf.dir/Drivers/STM32F1xx_HAL_Driver/Src/stm32f1xx_hal_tim.c.obj
                0x08000e24                HAL_TIM_Base_Start_IT
 .text.HAL_TIM_OC_DelayElapsedCallback
                0x08000e9c        0x2 CMakeFiles/STM32F1.elf.dir/Drivers/STM32F1xx_HAL_Driver/Src/stm32f1xx_hal_tim.c.obj
                0x08000e9c                HAL_TIM_OC_DelayElapsedCallback
 .text.HAL_TIM_IC_CaptureCallback
                0x08000e9e        0x2 CMakeFiles/STM32F1.elf.dir/Drivers/STM32F1xx_HAL_Driver/Src/stm32f1xx_hal_tim.c.obj
                0x08000e9e                HAL_TIM_IC_CaptureCallback
 .text.HAL_TIM_PWM_PulseFinishedCallback
                0x08000ea0        0x2 CMakeFiles/STM32F1.elf.dir/Drivers/STM32F1xx_HAL_Driver/Src/stm32f1xx_hal_tim.c.obj
                0x08000ea0                HAL_TIM_PWM_PulseFinishedCallback
 .text.HAL_TIM_TriggerCallback
                0x08000ea2        0x2 CMakeFiles/STM32F1.elf.dir/Drivers/STM32F1xx_HAL_Driver/Src/stm32f1xx_hal_tim.c.obj
                0x08000ea2                HAL_TIM_TriggerCallback
 .text.HAL_TIM_IRQHandler
                0x08000ea4      0x17a CMakeFiles/STM32F1.elf.dir/Drivers/STM32F1xx_HAL_Driver/Src/stm32f1xx_hal_tim.c.obj
                0x08000ea4                HAL_TIM_IRQHandler
 *fill*         0x0800101e        0x2 
 .text.TIM_Base_SetConfig
                0x08001020       0x98 CMakeFiles/STM32F1.elf.dir/Drivers/STM32F1xx_HAL_Driver/Src/stm32f1xx_hal_tim.c.obj
                0x08001020                TIM_Base_SetConfig
 .text.HAL_TIM_Base_Init
                0x080010b8       0x58 CMakeFiles/STM32F1.elf.dir/Drivers/STM32F1xx_HAL_Driver/Src/stm32f1xx_hal_tim.c.obj
                0x080010b8                HAL_TIM_Base_Init
 .text.HAL_TIMEx_CommutCallback
                0x08001110        0x2 CMakeFiles/STM32F1.elf.dir/Drivers/STM32F1xx_HAL_Driver/Src/stm32f1xx_hal_tim_ex.c.obj
                0x08001110                HAL_TIMEx_CommutCallback
 .text.HAL_TIMEx_BreakCallback
                0x08001112        0x2 CMakeFiles/STM32F1.elf.dir/Drivers/STM32F1xx_HAL_Driver/Src/stm32f1xx_hal_tim_ex.c.obj
                0x08001112                HAL_TIMEx_BreakCallback
 .text.Key_Scan
                0x08001114       0x44 CMakeFiles/STM32F1.elf.dir/Hardware/Key.c.obj
                0x08001114                Key_Scan
 .text.Led_init
                0x08001158       0x48 CMakeFiles/STM32F1.elf.dir/Hardware/Led.c.obj
                0x08001158                Led_init
 .text.Reset_Handler
                0x080011a0       0x48 CMakeFiles/STM32F1.elf.dir/startup/startup_stm32f103xe.s.obj
                0x080011a0                Reset_Handler
 .text.Default_Handler
                0x080011e8        0x2 CMakeFiles/STM32F1.elf.dir/startup/startup_stm32f103xe.s.obj
                0x080011e8                RTC_Alarm_IRQHandler
                0x080011e8                EXTI2_IRQHandler
                0x080011e8                TIM8_TRG_COM_IRQHandler
                0x080011e8                TIM8_CC_IRQHandler
                0x080011e8                TIM1_CC_IRQHandler
                0x080011e8                TIM6_IRQHandler
                0x080011e8                PVD_IRQHandler
                0x080011e8                SDIO_IRQHandler
                0x080011e8                EXTI3_IRQHandler
                0x080011e8                EXTI0_IRQHandler
                0x080011e8                I2C2_EV_IRQHandler
                0x080011e8                ADC1_2_IRQHandler
                0x080011e8                SPI1_IRQHandler
                0x080011e8                TAMPER_IRQHandler
                0x080011e8                TIM8_UP_IRQHandler
                0x080011e8                DMA2_Channel2_IRQHandler
                0x080011e8                DMA1_Channel4_IRQHandler
                0x080011e8                USART3_IRQHandler
                0x080011e8                RTC_IRQHandler
                0x080011e8                DMA1_Channel7_IRQHandler
                0x080011e8                CAN1_RX1_IRQHandler
                0x080011e8                UART5_IRQHandler
                0x080011e8                ADC3_IRQHandler
                0x080011e8                DMA2_Channel1_IRQHandler
                0x080011e8                I2C1_EV_IRQHandler
                0x080011e8                DMA1_Channel6_IRQHandler
                0x080011e8                UART4_IRQHandler
                0x080011e8                TIM3_IRQHandler
                0x080011e8                RCC_IRQHandler
                0x080011e8                TIM1_TRG_COM_IRQHandler
                0x080011e8                DMA1_Channel1_IRQHandler
                0x080011e8                Default_Handler
                0x080011e8                EXTI15_10_IRQHandler
                0x080011e8                TIM7_IRQHandler
                0x080011e8                TIM5_IRQHandler
                0x080011e8                EXTI9_5_IRQHandler
                0x080011e8                SPI2_IRQHandler
                0x080011e8                DMA1_Channel5_IRQHandler
                0x080011e8                EXTI4_IRQHandler
                0x080011e8                USB_LP_CAN1_RX0_IRQHandler
                0x080011e8                USB_HP_CAN1_TX_IRQHandler
                0x080011e8                DMA1_Channel3_IRQHandler
                0x080011e8                FSMC_IRQHandler
                0x080011e8                TIM1_UP_IRQHandler
                0x080011e8                WWDG_IRQHandler
                0x080011e8                TIM2_IRQHandler
                0x080011e8                TIM1_BRK_IRQHandler
                0x080011e8                EXTI1_IRQHandler
                0x080011e8                DMA2_Channel4_5_IRQHandler
                0x080011e8                USART2_IRQHandler
                0x080011e8                I2C2_ER_IRQHandler
                0x080011e8                DMA1_Channel2_IRQHandler
                0x080011e8                TIM8_BRK_IRQHandler
                0x080011e8                CAN1_SCE_IRQHandler
                0x080011e8                FLASH_IRQHandler
                0x080011e8                USART1_IRQHandler
                0x080011e8                SPI3_IRQHandler
                0x080011e8                I2C1_ER_IRQHandler
                0x080011e8                USBWakeUp_IRQHandler
                0x080011e8                DMA2_Channel3_IRQHandler
 *fill*         0x080011ea        0x2 
 .text.__libc_init_array
                0x080011ec       0x48 d:/gcc-arm-none-eabi/bin/../lib/gcc/arm-none-eabi/9.3.1/../../../../arm-none-eabi/lib/thumb/v7-m/nofp\libg.a(lib_a-init.o)
                0x080011ec                __libc_init_array
 .text.startup.register_fini
                0x08001234       0x14 d:/gcc-arm-none-eabi/bin/../lib/gcc/arm-none-eabi/9.3.1/../../../../arm-none-eabi/lib/thumb/v7-m/nofp\libg.a(lib_a-__call_atexit.o)
 .text.atexit   0x08001248        0xc d:/gcc-arm-none-eabi/bin/../lib/gcc/arm-none-eabi/9.3.1/../../../../arm-none-eabi/lib/thumb/v7-m/nofp\libg.a(lib_a-atexit.o)
                0x08001248                atexit
 .text.__libc_fini_array
                0x08001254       0x2c d:/gcc-arm-none-eabi/bin/../lib/gcc/arm-none-eabi/9.3.1/../../../../arm-none-eabi/lib/thumb/v7-m/nofp\libg.a(lib_a-fini.o)
                0x08001254                __libc_fini_array
 .text.__retarget_lock_acquire_recursive
                0x08001280        0x4 d:/gcc-arm-none-eabi/bin/../lib/gcc/arm-none-eabi/9.3.1/../../../../arm-none-eabi/lib/thumb/v7-m/nofp\libg.a(lib_a-lock.o)
                0x08001280                __retarget_lock_acquire_recursive
 .text.__retarget_lock_release_recursive
                0x08001284        0x4 d:/gcc-arm-none-eabi/bin/../lib/gcc/arm-none-eabi/9.3.1/../../../../arm-none-eabi/lib/thumb/v7-m/nofp\libg.a(lib_a-lock.o)
                0x08001284                __retarget_lock_release_recursive
 .text.__register_exitproc
                0x08001288       0x8c d:/gcc-arm-none-eabi/bin/../lib/gcc/arm-none-eabi/9.3.1/../../../../arm-none-eabi/lib/thumb/v7-m/nofp\libg.a(lib_a-__atexit.o)
                0x08001288                __register_exitproc
 *(.glue_7)
 .glue_7        0x08001314        0x0 linker stubs
 *(.glue_7t)
 .glue_7t       0x08001314        0x0 linker stubs
 *(.eh_frame)
 .eh_frame      0x08001314        0x0 d:/gcc-arm-none-eabi/bin/../lib/gcc/arm-none-eabi/9.3.1/thumb/v7-m/nofp/crtbegin.o
 *(.init)
 .init          0x08001314        0x4 d:/gcc-arm-none-eabi/bin/../lib/gcc/arm-none-eabi/9.3.1/thumb/v7-m/nofp/crti.o
                0x08001314                _init
 .init          0x08001318        0x8 d:/gcc-arm-none-eabi/bin/../lib/gcc/arm-none-eabi/9.3.1/thumb/v7-m/nofp/crtn.o
 *(.fini)
 .fini          0x08001320        0x4 d:/gcc-arm-none-eabi/bin/../lib/gcc/arm-none-eabi/9.3.1/thumb/v7-m/nofp/crti.o
                0x08001320                _fini
 .fini          0x08001324        0x8 d:/gcc-arm-none-eabi/bin/../lib/gcc/arm-none-eabi/9.3.1/thumb/v7-m/nofp/crtn.o
                0x0800132c                . = ALIGN (0x4)
                0x0800132c                _etext = .

.vfp11_veneer   0x0800132c        0x0
 .vfp11_veneer  0x0800132c        0x0 linker stubs

.v4_bx          0x0800132c        0x0
 .v4_bx         0x0800132c        0x0 linker stubs

.iplt           0x0800132c        0x0
 .iplt          0x0800132c        0x0 d:/gcc-arm-none-eabi/bin/../lib/gcc/arm-none-eabi/9.3.1/thumb/v7-m/nofp/crtbegin.o

.rodata         0x0800132c       0x30
                0x0800132c                . = ALIGN (0x4)
 *(.rodata)
 *(.rodata*)
 .rodata.AHBPrescTable
                0x0800132c       0x10 CMakeFiles/STM32F1.elf.dir/Core/Src/system_stm32f1xx.c.obj
                0x0800132c                AHBPrescTable
 .rodata.APBPrescTable
                0x0800133c        0x8 CMakeFiles/STM32F1.elf.dir/Core/Src/system_stm32f1xx.c.obj
                0x0800133c                APBPrescTable
 .rodata.HAL_RCC_GetSysClockFreq.str1.4
                0x08001344       0x11 CMakeFiles/STM32F1.elf.dir/Drivers/STM32F1xx_HAL_Driver/Src/stm32f1xx_hal_rcc.c.obj
 *fill*         0x08001355        0x3 
 .rodata._global_impure_ptr
                0x08001358        0x4 d:/gcc-arm-none-eabi/bin/../lib/gcc/arm-none-eabi/9.3.1/../../../../arm-none-eabi/lib/thumb/v7-m/nofp\libg.a(lib_a-impure.o)
                0x08001358                _global_impure_ptr
                0x0800135c                . = ALIGN (0x4)

.rel.dyn        0x0800135c        0x0
 .rel.iplt      0x0800135c        0x0 d:/gcc-arm-none-eabi/bin/../lib/gcc/arm-none-eabi/9.3.1/thumb/v7-m/nofp/crtbegin.o

.ARM.extab
 *(.ARM.extab* .gnu.linkonce.armextab.*)

.ARM            0x0800135c        0x0
                0x0800135c                __exidx_start = .
 *(.ARM.exidx*)
                0x0800135c                __exidx_end = .

.preinit_array  0x0800135c        0x0
                0x0800135c                PROVIDE (__preinit_array_start = .)
 *(.preinit_array*)
                0x0800135c                PROVIDE (__preinit_array_end = .)

.init_array     0x0800135c        0x8
                0x0800135c                PROVIDE (__init_array_start = .)
 *(SORT_BY_NAME(.init_array.*))
 .init_array.00000
                0x0800135c        0x4 d:/gcc-arm-none-eabi/bin/../lib/gcc/arm-none-eabi/9.3.1/../../../../arm-none-eabi/lib/thumb/v7-m/nofp\libg.a(lib_a-__call_atexit.o)
 *(.init_array*)
 .init_array    0x08001360        0x4 d:/gcc-arm-none-eabi/bin/../lib/gcc/arm-none-eabi/9.3.1/thumb/v7-m/nofp/crtbegin.o
                0x08001364                PROVIDE (__init_array_end = .)

.fini_array     0x08001364        0x4
                0x08001364                PROVIDE (__fini_array_start = .)
 *(SORT_BY_NAME(.fini_array.*))
 *(.fini_array*)
 .fini_array    0x08001364        0x4 d:/gcc-arm-none-eabi/bin/../lib/gcc/arm-none-eabi/9.3.1/thumb/v7-m/nofp/crtbegin.o
                0x08001368                PROVIDE (__fini_array_end = .)
                0x08001368                _sidata = LOADADDR (.data)

.data           0x20000000      0x43c load address 0x08001368
                0x20000000                . = ALIGN (0x4)
                0x20000000                _sdata = .
 *(.data)
 *(.data*)
 .data.SystemCoreClock
                0x20000000        0x4 CMakeFiles/STM32F1.elf.dir/Core/Src/system_stm32f1xx.c.obj
                0x20000000                SystemCoreClock
 .data.uwTickFreq
                0x20000004        0x1 CMakeFiles/STM32F1.elf.dir/Drivers/STM32F1xx_HAL_Driver/Src/stm32f1xx_hal.c.obj
                0x20000004                uwTickFreq
 *fill*         0x20000005        0x3 
 .data.uwTickPrio
                0x20000008        0x4 CMakeFiles/STM32F1.elf.dir/Drivers/STM32F1xx_HAL_Driver/Src/stm32f1xx_hal.c.obj
                0x20000008                uwTickPrio
 *fill*         0x2000000c        0x4 
 .data.impure_data
                0x20000010      0x428 d:/gcc-arm-none-eabi/bin/../lib/gcc/arm-none-eabi/9.3.1/../../../../arm-none-eabi/lib/thumb/v7-m/nofp\libg.a(lib_a-impure.o)
 .data.__atexit_recursive_mutex
                0x20000438        0x4 d:/gcc-arm-none-eabi/bin/../lib/gcc/arm-none-eabi/9.3.1/../../../../arm-none-eabi/lib/thumb/v7-m/nofp\libg.a(lib_a-__call_atexit.o)
                0x20000438                __atexit_recursive_mutex
                0x2000043c                . = ALIGN (0x4)
                0x2000043c                _edata = .

.igot.plt       0x2000043c        0x0 load address 0x080017a4
 .igot.plt      0x2000043c        0x0 d:/gcc-arm-none-eabi/bin/../lib/gcc/arm-none-eabi/9.3.1/thumb/v7-m/nofp/crtbegin.o
                0x2000043c                . = ALIGN (0x4)

.bss            0x2000043c       0x8c load address 0x080017a4
                0x2000043c                _sbss = .
                0x2000043c                __bss_start__ = _sbss
 *(.bss)
 .bss           0x2000043c       0x1c d:/gcc-arm-none-eabi/bin/../lib/gcc/arm-none-eabi/9.3.1/thumb/v7-m/nofp/crtbegin.o
 *(.bss*)
 .bss.htim4     0x20000458       0x48 CMakeFiles/STM32F1.elf.dir/Core/Src/stm32f1xx_hal_timebase_tim.c.obj
                0x20000458                htim4
 .bss.uwTick    0x200004a0        0x4 CMakeFiles/STM32F1.elf.dir/Drivers/STM32F1xx_HAL_Driver/Src/stm32f1xx_hal.c.obj
                0x200004a0                uwTick
 *(COMMON)
 COMMON         0x200004a4       0x21 d:/gcc-arm-none-eabi/bin/../lib/gcc/arm-none-eabi/9.3.1/../../../../arm-none-eabi/lib/thumb/v7-m/nofp\libg.a(lib_a-lock.o)
                0x200004a4                __lock___atexit_recursive_mutex
                0x200004a8                __lock___arc4random_mutex
                0x200004ac                __lock___env_recursive_mutex
                0x200004b0                __lock___sinit_recursive_mutex
                0x200004b4                __lock___malloc_recursive_mutex
                0x200004b8                __lock___at_quick_exit_mutex
                0x200004bc                __lock___dd_hash_mutex
                0x200004c0                __lock___tz_mutex
                0x200004c4                __lock___sfp_recursive_mutex
                0x200004c8                . = ALIGN (0x4)
 *fill*         0x200004c5        0x3 
                0x200004c8                _ebss = .
                0x200004c8                __bss_end__ = _ebss

._user_heap_stack
                0x200004c8      0xc00 load address 0x080017a4
                0x200004c8                . = ALIGN (0x8)
                0x200004c8                PROVIDE (end = .)
                [!provide]                PROVIDE (_end = .)
                0x200008c8                . = (. + _Min_Heap_Size)
 *fill*         0x200004c8      0x400 
                0x200010c8                . = (. + _Min_Stack_Size)
 *fill*         0x200008c8      0x800 
                0x200010c8                . = ALIGN (0x8)

/DISCARD/
 libc.a(*)
 libm.a(*)
 libgcc.a(*)

.ARM.attributes
                0x00000000       0x29
 *(.ARM.attributes)
 .ARM.attributes
                0x00000000       0x1d d:/gcc-arm-none-eabi/bin/../lib/gcc/arm-none-eabi/9.3.1/thumb/v7-m/nofp/crti.o
 .ARM.attributes
                0x0000001d       0x2d d:/gcc-arm-none-eabi/bin/../lib/gcc/arm-none-eabi/9.3.1/thumb/v7-m/nofp/crtbegin.o
 .ARM.attributes
                0x0000004a       0x2d CMakeFiles/STM32F1.elf.dir/Core/Src/gpio.c.obj
 .ARM.attributes
                0x00000077       0x2d CMakeFiles/STM32F1.elf.dir/Core/Src/main.c.obj
 .ARM.attributes
                0x000000a4       0x2d CMakeFiles/STM32F1.elf.dir/Core/Src/stm32f1xx_hal_msp.c.obj
 .ARM.attributes
                0x000000d1       0x2d CMakeFiles/STM32F1.elf.dir/Core/Src/stm32f1xx_hal_timebase_tim.c.obj
 .ARM.attributes
                0x000000fe       0x2d CMakeFiles/STM32F1.elf.dir/Core/Src/stm32f1xx_it.c.obj
 .ARM.attributes
                0x0000012b       0x2d CMakeFiles/STM32F1.elf.dir/Core/Src/system_stm32f1xx.c.obj
 .ARM.attributes
                0x00000158       0x2d CMakeFiles/STM32F1.elf.dir/Drivers/STM32F1xx_HAL_Driver/Src/stm32f1xx_hal.c.obj
 .ARM.attributes
                0x00000185       0x2d CMakeFiles/STM32F1.elf.dir/Drivers/STM32F1xx_HAL_Driver/Src/stm32f1xx_hal_cortex.c.obj
 .ARM.attributes
                0x000001b2       0x2d CMakeFiles/STM32F1.elf.dir/Drivers/STM32F1xx_HAL_Driver/Src/stm32f1xx_hal_gpio.c.obj
 .ARM.attributes
                0x000001df       0x2d CMakeFiles/STM32F1.elf.dir/Drivers/STM32F1xx_HAL_Driver/Src/stm32f1xx_hal_rcc.c.obj
 .ARM.attributes
                0x0000020c       0x2d CMakeFiles/STM32F1.elf.dir/Drivers/STM32F1xx_HAL_Driver/Src/stm32f1xx_hal_tim.c.obj
 .ARM.attributes
                0x00000239       0x2d CMakeFiles/STM32F1.elf.dir/Drivers/STM32F1xx_HAL_Driver/Src/stm32f1xx_hal_tim_ex.c.obj
 .ARM.attributes
                0x00000266       0x2d CMakeFiles/STM32F1.elf.dir/Hardware/Key.c.obj
 .ARM.attributes
                0x00000293       0x2d CMakeFiles/STM32F1.elf.dir/Hardware/Led.c.obj
 .ARM.attributes
                0x000002c0       0x21 CMakeFiles/STM32F1.elf.dir/startup/startup_stm32f103xe.s.obj
 .ARM.attributes
                0x000002e1       0x2d d:/gcc-arm-none-eabi/bin/../lib/gcc/arm-none-eabi/9.3.1/../../../../arm-none-eabi/lib/thumb/v7-m/nofp\libg.a(lib_a-impure.o)
 .ARM.attributes
                0x0000030e       0x2d d:/gcc-arm-none-eabi/bin/../lib/gcc/arm-none-eabi/9.3.1/../../../../arm-none-eabi/lib/thumb/v7-m/nofp\libg.a(lib_a-init.o)
 .ARM.attributes
                0x0000033b       0x2d d:/gcc-arm-none-eabi/bin/../lib/gcc/arm-none-eabi/9.3.1/../../../../arm-none-eabi/lib/thumb/v7-m/nofp\libg.a(lib_a-__call_atexit.o)
 .ARM.attributes
                0x00000368       0x2d d:/gcc-arm-none-eabi/bin/../lib/gcc/arm-none-eabi/9.3.1/../../../../arm-none-eabi/lib/thumb/v7-m/nofp\libg.a(lib_a-atexit.o)
 .ARM.attributes
                0x00000395       0x2d d:/gcc-arm-none-eabi/bin/../lib/gcc/arm-none-eabi/9.3.1/../../../../arm-none-eabi/lib/thumb/v7-m/nofp\libg.a(lib_a-fini.o)
 .ARM.attributes
                0x000003c2       0x2d d:/gcc-arm-none-eabi/bin/../lib/gcc/arm-none-eabi/9.3.1/../../../../arm-none-eabi/lib/thumb/v7-m/nofp\libg.a(lib_a-lock.o)
 .ARM.attributes
                0x000003ef       0x2d d:/gcc-arm-none-eabi/bin/../lib/gcc/arm-none-eabi/9.3.1/../../../../arm-none-eabi/lib/thumb/v7-m/nofp\libg.a(lib_a-__atexit.o)
 .ARM.attributes
                0x0000041c       0x1d d:/gcc-arm-none-eabi/bin/../lib/gcc/arm-none-eabi/9.3.1/thumb/v7-m/nofp/crtn.o
OUTPUT(STM32F1.elf elf32-littlearm)
LOAD linker stubs
LOAD d:/gcc-arm-none-eabi/bin/../lib/gcc/arm-none-eabi/9.3.1/../../../../arm-none-eabi/lib/thumb/v7-m/nofp\libc.a
LOAD d:/gcc-arm-none-eabi/bin/../lib/gcc/arm-none-eabi/9.3.1/../../../../arm-none-eabi/lib/thumb/v7-m/nofp\libm.a
LOAD d:/gcc-arm-none-eabi/bin/../lib/gcc/arm-none-eabi/9.3.1/thumb/v7-m/nofp\libgcc.a

.debug_info     0x00000000     0xad91
 .debug_info    0x00000000      0x24b CMakeFiles/STM32F1.elf.dir/Core/Src/gpio.c.obj
 .debug_info    0x0000024b      0xb01 CMakeFiles/STM32F1.elf.dir/Core/Src/main.c.obj
 .debug_info    0x00000d4c      0x2fd CMakeFiles/STM32F1.elf.dir/Core/Src/stm32f1xx_hal_msp.c.obj
 .debug_info    0x00001049      0xb5f CMakeFiles/STM32F1.elf.dir/Core/Src/stm32f1xx_hal_timebase_tim.c.obj
 .debug_info    0x00001ba8      0x7e6 CMakeFiles/STM32F1.elf.dir/Core/Src/stm32f1xx_it.c.obj
 .debug_info    0x0000238e      0x2c9 CMakeFiles/STM32F1.elf.dir/Core/Src/system_stm32f1xx.c.obj
 .debug_info    0x00002657      0x897 CMakeFiles/STM32F1.elf.dir/Drivers/STM32F1xx_HAL_Driver/Src/stm32f1xx_hal.c.obj
 .debug_info    0x00002eee      0xeac CMakeFiles/STM32F1.elf.dir/Drivers/STM32F1xx_HAL_Driver/Src/stm32f1xx_hal_cortex.c.obj
 .debug_info    0x00003d9a      0x75b CMakeFiles/STM32F1.elf.dir/Drivers/STM32F1xx_HAL_Driver/Src/stm32f1xx_hal_gpio.c.obj
 .debug_info    0x000044f5      0xaab CMakeFiles/STM32F1.elf.dir/Drivers/STM32F1xx_HAL_Driver/Src/stm32f1xx_hal_rcc.c.obj
 .debug_info    0x00004fa0     0x3b9e CMakeFiles/STM32F1.elf.dir/Drivers/STM32F1xx_HAL_Driver/Src/stm32f1xx_hal_tim.c.obj
 .debug_info    0x00008b3e     0x1a8d CMakeFiles/STM32F1.elf.dir/Drivers/STM32F1xx_HAL_Driver/Src/stm32f1xx_hal_tim_ex.c.obj
 .debug_info    0x0000a5cb      0x3fe CMakeFiles/STM32F1.elf.dir/Hardware/Key.c.obj
 .debug_info    0x0000a9c9      0x3a6 CMakeFiles/STM32F1.elf.dir/Hardware/Led.c.obj
 .debug_info    0x0000ad6f       0x22 CMakeFiles/STM32F1.elf.dir/startup/startup_stm32f103xe.s.obj

.debug_abbrev   0x00000000     0x1b5b
 .debug_abbrev  0x00000000      0x10f CMakeFiles/STM32F1.elf.dir/Core/Src/gpio.c.obj
 .debug_abbrev  0x0000010f      0x202 CMakeFiles/STM32F1.elf.dir/Core/Src/main.c.obj
 .debug_abbrev  0x00000311      0x12e CMakeFiles/STM32F1.elf.dir/Core/Src/stm32f1xx_hal_msp.c.obj
 .debug_abbrev  0x0000043f      0x219 CMakeFiles/STM32F1.elf.dir/Core/Src/stm32f1xx_hal_timebase_tim.c.obj
 .debug_abbrev  0x00000658      0x193 CMakeFiles/STM32F1.elf.dir/Core/Src/stm32f1xx_it.c.obj
 .debug_abbrev  0x000007eb      0x151 CMakeFiles/STM32F1.elf.dir/Core/Src/system_stm32f1xx.c.obj
 .debug_abbrev  0x0000093c      0x219 CMakeFiles/STM32F1.elf.dir/Drivers/STM32F1xx_HAL_Driver/Src/stm32f1xx_hal.c.obj
 .debug_abbrev  0x00000b55      0x367 CMakeFiles/STM32F1.elf.dir/Drivers/STM32F1xx_HAL_Driver/Src/stm32f1xx_hal_cortex.c.obj
 .debug_abbrev  0x00000ebc      0x213 CMakeFiles/STM32F1.elf.dir/Drivers/STM32F1xx_HAL_Driver/Src/stm32f1xx_hal_gpio.c.obj
 .debug_abbrev  0x000010cf      0x28d CMakeFiles/STM32F1.elf.dir/Drivers/STM32F1xx_HAL_Driver/Src/stm32f1xx_hal_rcc.c.obj
 .debug_abbrev  0x0000135c      0x26b CMakeFiles/STM32F1.elf.dir/Drivers/STM32F1xx_HAL_Driver/Src/stm32f1xx_hal_tim.c.obj
 .debug_abbrev  0x000015c7      0x26e CMakeFiles/STM32F1.elf.dir/Drivers/STM32F1xx_HAL_Driver/Src/stm32f1xx_hal_tim_ex.c.obj
 .debug_abbrev  0x00001835      0x199 CMakeFiles/STM32F1.elf.dir/Hardware/Key.c.obj
 .debug_abbrev  0x000019ce      0x17b CMakeFiles/STM32F1.elf.dir/Hardware/Led.c.obj
 .debug_abbrev  0x00001b49       0x12 CMakeFiles/STM32F1.elf.dir/startup/startup_stm32f103xe.s.obj

.debug_aranges  0x00000000      0x938
 .debug_aranges
                0x00000000       0x20 CMakeFiles/STM32F1.elf.dir/Core/Src/gpio.c.obj
 .debug_aranges
                0x00000020       0x38 CMakeFiles/STM32F1.elf.dir/Core/Src/main.c.obj
 .debug_aranges
                0x00000058       0x20 CMakeFiles/STM32F1.elf.dir/Core/Src/stm32f1xx_hal_msp.c.obj
 .debug_aranges
                0x00000078       0x30 CMakeFiles/STM32F1.elf.dir/Core/Src/stm32f1xx_hal_timebase_tim.c.obj
 .debug_aranges
                0x000000a8       0x68 CMakeFiles/STM32F1.elf.dir/Core/Src/stm32f1xx_it.c.obj
 .debug_aranges
                0x00000110       0x28 CMakeFiles/STM32F1.elf.dir/Core/Src/system_stm32f1xx.c.obj
 .debug_aranges
                0x00000138       0xe0 CMakeFiles/STM32F1.elf.dir/Drivers/STM32F1xx_HAL_Driver/Src/stm32f1xx_hal.c.obj
 .debug_aranges
                0x00000218       0x90 CMakeFiles/STM32F1.elf.dir/Drivers/STM32F1xx_HAL_Driver/Src/stm32f1xx_hal_cortex.c.obj
 .debug_aranges
                0x000002a8       0x58 CMakeFiles/STM32F1.elf.dir/Drivers/STM32F1xx_HAL_Driver/Src/stm32f1xx_hal_gpio.c.obj
 .debug_aranges
                0x00000300       0x90 CMakeFiles/STM32F1.elf.dir/Drivers/STM32F1xx_HAL_Driver/Src/stm32f1xx_hal_rcc.c.obj
 .debug_aranges
                0x00000390      0x3d0 CMakeFiles/STM32F1.elf.dir/Drivers/STM32F1xx_HAL_Driver/Src/stm32f1xx_hal_tim.c.obj
 .debug_aranges
                0x00000760      0x168 CMakeFiles/STM32F1.elf.dir/Drivers/STM32F1xx_HAL_Driver/Src/stm32f1xx_hal_tim_ex.c.obj
 .debug_aranges
                0x000008c8       0x28 CMakeFiles/STM32F1.elf.dir/Hardware/Key.c.obj
 .debug_aranges
                0x000008f0       0x20 CMakeFiles/STM32F1.elf.dir/Hardware/Led.c.obj
 .debug_aranges
                0x00000910       0x28 CMakeFiles/STM32F1.elf.dir/startup/startup_stm32f103xe.s.obj

.debug_ranges   0x00000000      0x8d0
 .debug_ranges  0x00000000       0x10 CMakeFiles/STM32F1.elf.dir/Core/Src/gpio.c.obj
 .debug_ranges  0x00000010       0x28 CMakeFiles/STM32F1.elf.dir/Core/Src/main.c.obj
 .debug_ranges  0x00000038       0x10 CMakeFiles/STM32F1.elf.dir/Core/Src/stm32f1xx_hal_msp.c.obj
 .debug_ranges  0x00000048       0x20 CMakeFiles/STM32F1.elf.dir/Core/Src/stm32f1xx_hal_timebase_tim.c.obj
 .debug_ranges  0x00000068       0x58 CMakeFiles/STM32F1.elf.dir/Core/Src/stm32f1xx_it.c.obj
 .debug_ranges  0x000000c0       0x18 CMakeFiles/STM32F1.elf.dir/Core/Src/system_stm32f1xx.c.obj
 .debug_ranges  0x000000d8       0xd0 CMakeFiles/STM32F1.elf.dir/Drivers/STM32F1xx_HAL_Driver/Src/stm32f1xx_hal.c.obj
 .debug_ranges  0x000001a8       0xe0 CMakeFiles/STM32F1.elf.dir/Drivers/STM32F1xx_HAL_Driver/Src/stm32f1xx_hal_cortex.c.obj
 .debug_ranges  0x00000288       0x48 CMakeFiles/STM32F1.elf.dir/Drivers/STM32F1xx_HAL_Driver/Src/stm32f1xx_hal_gpio.c.obj
 .debug_ranges  0x000002d0       0xa0 CMakeFiles/STM32F1.elf.dir/Drivers/STM32F1xx_HAL_Driver/Src/stm32f1xx_hal_rcc.c.obj
 .debug_ranges  0x00000370      0x3c0 CMakeFiles/STM32F1.elf.dir/Drivers/STM32F1xx_HAL_Driver/Src/stm32f1xx_hal_tim.c.obj
 .debug_ranges  0x00000730      0x158 CMakeFiles/STM32F1.elf.dir/Drivers/STM32F1xx_HAL_Driver/Src/stm32f1xx_hal_tim_ex.c.obj
 .debug_ranges  0x00000888       0x18 CMakeFiles/STM32F1.elf.dir/Hardware/Key.c.obj
 .debug_ranges  0x000008a0       0x10 CMakeFiles/STM32F1.elf.dir/Hardware/Led.c.obj
 .debug_ranges  0x000008b0       0x20 CMakeFiles/STM32F1.elf.dir/startup/startup_stm32f103xe.s.obj

.debug_line     0x00000000     0x974f
 .debug_line    0x00000000      0x1c5 CMakeFiles/STM32F1.elf.dir/Core/Src/gpio.c.obj
 .debug_line    0x000001c5      0x398 CMakeFiles/STM32F1.elf.dir/Core/Src/main.c.obj
 .debug_line    0x0000055d      0x1df CMakeFiles/STM32F1.elf.dir/Core/Src/stm32f1xx_hal_msp.c.obj
 .debug_line    0x0000073c      0x2e2 CMakeFiles/STM32F1.elf.dir/Core/Src/stm32f1xx_hal_timebase_tim.c.obj
 .debug_line    0x00000a1e      0x31e CMakeFiles/STM32F1.elf.dir/Core/Src/stm32f1xx_it.c.obj
 .debug_line    0x00000d3c      0x292 CMakeFiles/STM32F1.elf.dir/Core/Src/system_stm32f1xx.c.obj
 .debug_line    0x00000fce      0x522 CMakeFiles/STM32F1.elf.dir/Drivers/STM32F1xx_HAL_Driver/Src/stm32f1xx_hal.c.obj
 .debug_line    0x000014f0      0x678 CMakeFiles/STM32F1.elf.dir/Drivers/STM32F1xx_HAL_Driver/Src/stm32f1xx_hal_cortex.c.obj
 .debug_line    0x00001b68      0x635 CMakeFiles/STM32F1.elf.dir/Drivers/STM32F1xx_HAL_Driver/Src/stm32f1xx_hal_gpio.c.obj
 .debug_line    0x0000219d      0xc3f CMakeFiles/STM32F1.elf.dir/Drivers/STM32F1xx_HAL_Driver/Src/stm32f1xx_hal_rcc.c.obj
 .debug_line    0x00002ddc     0x4798 CMakeFiles/STM32F1.elf.dir/Drivers/STM32F1xx_HAL_Driver/Src/stm32f1xx_hal_tim.c.obj
 .debug_line    0x00007574     0x1d0a CMakeFiles/STM32F1.elf.dir/Drivers/STM32F1xx_HAL_Driver/Src/stm32f1xx_hal_tim_ex.c.obj
 .debug_line    0x0000927e      0x247 CMakeFiles/STM32F1.elf.dir/Hardware/Key.c.obj
 .debug_line    0x000094c5      0x1fd CMakeFiles/STM32F1.elf.dir/Hardware/Led.c.obj
 .debug_line    0x000096c2       0x8d CMakeFiles/STM32F1.elf.dir/startup/startup_stm32f103xe.s.obj

.debug_str      0x00000000     0x2e3f
 .debug_str     0x00000000      0x293 CMakeFiles/STM32F1.elf.dir/Core/Src/gpio.c.obj
                                0x2e0 (size before relaxing)
 .debug_str     0x00000293      0x6a9 CMakeFiles/STM32F1.elf.dir/Core/Src/main.c.obj
                                0x98f (size before relaxing)
 .debug_str     0x0000093c       0x6a CMakeFiles/STM32F1.elf.dir/Core/Src/stm32f1xx_hal_msp.c.obj
                                0x31a (size before relaxing)
 .debug_str     0x000009a6      0x4ef CMakeFiles/STM32F1.elf.dir/Core/Src/stm32f1xx_hal_timebase_tim.c.obj
                                0xccf (size before relaxing)
 .debug_str     0x00000e95       0xf5 CMakeFiles/STM32F1.elf.dir/Core/Src/stm32f1xx_it.c.obj
                                0x819 (size before relaxing)
 .debug_str     0x00000f8a       0x62 CMakeFiles/STM32F1.elf.dir/Core/Src/system_stm32f1xx.c.obj
                                0x311 (size before relaxing)
 .debug_str     0x00000fec      0x248 CMakeFiles/STM32F1.elf.dir/Drivers/STM32F1xx_HAL_Driver/Src/stm32f1xx_hal.c.obj
                                0x972 (size before relaxing)
 .debug_str     0x00001234      0x3b8 CMakeFiles/STM32F1.elf.dir/Drivers/STM32F1xx_HAL_Driver/Src/stm32f1xx_hal_cortex.c.obj
                                0xa8e (size before relaxing)
 .debug_str     0x000015ec      0x164 CMakeFiles/STM32F1.elf.dir/Drivers/STM32F1xx_HAL_Driver/Src/stm32f1xx_hal_gpio.c.obj
                                0x4fb (size before relaxing)
 .debug_str     0x00001750      0x1a5 CMakeFiles/STM32F1.elf.dir/Drivers/STM32F1xx_HAL_Driver/Src/stm32f1xx_hal_rcc.c.obj
                                0x6dd (size before relaxing)
 .debug_str     0x000018f5      0xee4 CMakeFiles/STM32F1.elf.dir/Drivers/STM32F1xx_HAL_Driver/Src/stm32f1xx_hal_tim.c.obj
                               0x1733 (size before relaxing)
 .debug_str     0x000027d9      0x5cd CMakeFiles/STM32F1.elf.dir/Drivers/STM32F1xx_HAL_Driver/Src/stm32f1xx_hal_tim_ex.c.obj
                                0xf5d (size before relaxing)
 .debug_str     0x00002da6       0x38 CMakeFiles/STM32F1.elf.dir/Hardware/Key.c.obj
                                0x35c (size before relaxing)
 .debug_str     0x00002dde       0x22 CMakeFiles/STM32F1.elf.dir/Hardware/Led.c.obj
                                0x370 (size before relaxing)
 .debug_str     0x00002e00       0x3f CMakeFiles/STM32F1.elf.dir/startup/startup_stm32f103xe.s.obj
                                 0x64 (size before relaxing)

.comment        0x00000000       0x4c
 .comment       0x00000000       0x4c CMakeFiles/STM32F1.elf.dir/Core/Src/gpio.c.obj
                                 0x4d (size before relaxing)
 .comment       0x0000004c       0x4d CMakeFiles/STM32F1.elf.dir/Core/Src/main.c.obj
 .comment       0x0000004c       0x4d CMakeFiles/STM32F1.elf.dir/Core/Src/stm32f1xx_hal_msp.c.obj
 .comment       0x0000004c       0x4d CMakeFiles/STM32F1.elf.dir/Core/Src/stm32f1xx_hal_timebase_tim.c.obj
 .comment       0x0000004c       0x4d CMakeFiles/STM32F1.elf.dir/Core/Src/stm32f1xx_it.c.obj
 .comment       0x0000004c       0x4d CMakeFiles/STM32F1.elf.dir/Core/Src/system_stm32f1xx.c.obj
 .comment       0x0000004c       0x4d CMakeFiles/STM32F1.elf.dir/Drivers/STM32F1xx_HAL_Driver/Src/stm32f1xx_hal.c.obj
 .comment       0x0000004c       0x4d CMakeFiles/STM32F1.elf.dir/Drivers/STM32F1xx_HAL_Driver/Src/stm32f1xx_hal_cortex.c.obj
 .comment       0x0000004c       0x4d CMakeFiles/STM32F1.elf.dir/Drivers/STM32F1xx_HAL_Driver/Src/stm32f1xx_hal_gpio.c.obj
 .comment       0x0000004c       0x4d CMakeFiles/STM32F1.elf.dir/Drivers/STM32F1xx_HAL_Driver/Src/stm32f1xx_hal_rcc.c.obj
 .comment       0x0000004c       0x4d CMakeFiles/STM32F1.elf.dir/Drivers/STM32F1xx_HAL_Driver/Src/stm32f1xx_hal_tim.c.obj
 .comment       0x0000004c       0x4d CMakeFiles/STM32F1.elf.dir/Drivers/STM32F1xx_HAL_Driver/Src/stm32f1xx_hal_tim_ex.c.obj
 .comment       0x0000004c       0x4d CMakeFiles/STM32F1.elf.dir/Hardware/Key.c.obj
 .comment       0x0000004c       0x4d CMakeFiles/STM32F1.elf.dir/Hardware/Led.c.obj

.debug_frame    0x00000000     0x18d0
 .debug_frame   0x00000000       0x28 CMakeFiles/STM32F1.elf.dir/Core/Src/gpio.c.obj
 .debug_frame   0x00000028       0x70 CMakeFiles/STM32F1.elf.dir/Core/Src/main.c.obj
 .debug_frame   0x00000098       0x28 CMakeFiles/STM32F1.elf.dir/Core/Src/stm32f1xx_hal_msp.c.obj
 .debug_frame   0x000000c0       0x50 CMakeFiles/STM32F1.elf.dir/Core/Src/stm32f1xx_hal_timebase_tim.c.obj
 .debug_frame   0x00000110       0xc0 CMakeFiles/STM32F1.elf.dir/Core/Src/stm32f1xx_it.c.obj
 .debug_frame   0x000001d0       0x30 CMakeFiles/STM32F1.elf.dir/Core/Src/system_stm32f1xx.c.obj
 .debug_frame   0x00000200      0x1cc CMakeFiles/STM32F1.elf.dir/Drivers/STM32F1xx_HAL_Driver/Src/stm32f1xx_hal.c.obj
 .debug_frame   0x000003cc      0x12c CMakeFiles/STM32F1.elf.dir/Drivers/STM32F1xx_HAL_Driver/Src/stm32f1xx_hal_cortex.c.obj
 .debug_frame   0x000004f8       0xe8 CMakeFiles/STM32F1.elf.dir/Drivers/STM32F1xx_HAL_Driver/Src/stm32f1xx_hal_gpio.c.obj
 .debug_frame   0x000005e0      0x190 CMakeFiles/STM32F1.elf.dir/Drivers/STM32F1xx_HAL_Driver/Src/stm32f1xx_hal_rcc.c.obj
 .debug_frame   0x00000770      0xb14 CMakeFiles/STM32F1.elf.dir/Drivers/STM32F1xx_HAL_Driver/Src/stm32f1xx_hal_tim.c.obj
 .debug_frame   0x00001284      0x418 CMakeFiles/STM32F1.elf.dir/Drivers/STM32F1xx_HAL_Driver/Src/stm32f1xx_hal_tim_ex.c.obj
 .debug_frame   0x0000169c       0x44 CMakeFiles/STM32F1.elf.dir/Hardware/Key.c.obj
 .debug_frame   0x000016e0       0x30 CMakeFiles/STM32F1.elf.dir/Hardware/Led.c.obj
 .debug_frame   0x00001710       0x2c d:/gcc-arm-none-eabi/bin/../lib/gcc/arm-none-eabi/9.3.1/../../../../arm-none-eabi/lib/thumb/v7-m/nofp\libg.a(lib_a-init.o)
 .debug_frame   0x0000173c       0x5c d:/gcc-arm-none-eabi/bin/../lib/gcc/arm-none-eabi/9.3.1/../../../../arm-none-eabi/lib/thumb/v7-m/nofp\libg.a(lib_a-__call_atexit.o)
 .debug_frame   0x00001798       0x20 d:/gcc-arm-none-eabi/bin/../lib/gcc/arm-none-eabi/9.3.1/../../../../arm-none-eabi/lib/thumb/v7-m/nofp\libg.a(lib_a-atexit.o)
 .debug_frame   0x000017b8       0x34 d:/gcc-arm-none-eabi/bin/../lib/gcc/arm-none-eabi/9.3.1/../../../../arm-none-eabi/lib/thumb/v7-m/nofp\libg.a(lib_a-fini.o)
 .debug_frame   0x000017ec       0xb0 d:/gcc-arm-none-eabi/bin/../lib/gcc/arm-none-eabi/9.3.1/../../../../arm-none-eabi/lib/thumb/v7-m/nofp\libg.a(lib_a-lock.o)
 .debug_frame   0x0000189c       0x34 d:/gcc-arm-none-eabi/bin/../lib/gcc/arm-none-eabi/9.3.1/../../../../arm-none-eabi/lib/thumb/v7-m/nofp\libg.a(lib_a-__atexit.o)

.debug_loc      0x00000000     0x767b
 .debug_loc     0x00000000       0x42 CMakeFiles/STM32F1.elf.dir/Core/Src/main.c.obj
 .debug_loc     0x00000042       0x15 CMakeFiles/STM32F1.elf.dir/Core/Src/stm32f1xx_hal_msp.c.obj
 .debug_loc     0x00000057       0x89 CMakeFiles/STM32F1.elf.dir/Core/Src/stm32f1xx_hal_timebase_tim.c.obj
 .debug_loc     0x000000e0       0xff CMakeFiles/STM32F1.elf.dir/Core/Src/system_stm32f1xx.c.obj
 .debug_loc     0x000001df      0x141 CMakeFiles/STM32F1.elf.dir/Drivers/STM32F1xx_HAL_Driver/Src/stm32f1xx_hal.c.obj
 .debug_loc     0x00000320      0x71f CMakeFiles/STM32F1.elf.dir/Drivers/STM32F1xx_HAL_Driver/Src/stm32f1xx_hal_cortex.c.obj
 .debug_loc     0x00000a3f      0x45b CMakeFiles/STM32F1.elf.dir/Drivers/STM32F1xx_HAL_Driver/Src/stm32f1xx_hal_gpio.c.obj
 .debug_loc     0x00000e9a      0x610 CMakeFiles/STM32F1.elf.dir/Drivers/STM32F1xx_HAL_Driver/Src/stm32f1xx_hal_rcc.c.obj
 .debug_loc     0x000014aa     0x4728 CMakeFiles/STM32F1.elf.dir/Drivers/STM32F1xx_HAL_Driver/Src/stm32f1xx_hal_tim.c.obj
 .debug_loc     0x00005bd2     0x1aa9 CMakeFiles/STM32F1.elf.dir/Drivers/STM32F1xx_HAL_Driver/Src/stm32f1xx_hal_tim_ex.c.obj
